[ +171 ms] Artifact Instance of 'MaterialFonts' is not required, skipping update.
[        ] Artifact Instance of 'GradleWrapper' is not required, skipping update.
[        ] Artifact Instance of 'AndroidGenSnapshotArtifacts' is not required, skipping update.
[        ] Artifact Instance of 'AndroidInternalBuildArtifacts' is not required, skipping update.
[        ] Artifact Instance of 'IOSEngineArtifacts' is not required, skipping update.
[        ] Artifact Instance of 'FlutterWebSdk' is not required, skipping update.
[        ] Artifact Instance of 'LegacyCanvasKitRemover' is not required, skipping update.
[        ] Artifact Instance of 'FlutterSdk' is not required, skipping update.
[        ] Artifact Instance of 'WindowsEngineArtifacts' is not required, skipping update.
[        ] Artifact Instance of 'MacOSEngineArtifacts' is not required, skipping update.
[        ] Artifact Instance of 'LinuxEngineArtifacts' is not required, skipping update.
[        ] Artifact Instance of 'LinuxFuchsiaSDKArtifacts' is not required, skipping update.
[        ] Artifact Instance of 'MacOSFuchsiaSDKArtifacts' is not required, skipping update.
[        ] Artifact Instance of 'FlutterRunnerSDKArtifacts' is not required, skipping update.
[        ] Artifact Instance of 'FlutterRunnerDebugSymbols' is not required, skipping update.
[        ] Artifact Instance of 'IosUsbArtifacts' is not required, skipping update.
[        ] Artifact Instance of 'IosUsbArtifacts' is not required, skipping update.
[        ] Artifact Instance of 'IosUsbArtifacts' is not required, skipping update.
[        ] Artifact Instance of 'IosUsbArtifacts' is not required, skipping update.
[        ] Artifact Instance of 'IosUsbArtifacts' is not required, skipping update.
[        ] Artifact Instance of 'IosUsbArtifacts' is not required, skipping update.
[        ] Artifact Instance of 'FontSubsetArtifacts' is not required, skipping update.
[        ] Artifact Instance of 'PubDependencies' is not required, skipping update.
[   +1 ms] executing: [C:\devtools\flutter\flutter/] git -c log.showSignature=false log HEAD -n 1 --pretty=format:%ad --date=iso
[ +141 ms] Exit code 0 from: git -c log.showSignature=false log HEAD -n 1 --pretty=format:%ad --date=iso
[        ] 2026-03-03 16:03:22 -0800
[  +19 ms] Artifact Instance of 'AndroidGenSnapshotArtifacts' is not required, skipping update.
[        ] Artifact Instance of 'AndroidInternalBuildArtifacts' is not required, skipping update.
[        ] Artifact Instance of 'IOSEngineArtifacts' is not required, skipping update.
[        ] Artifact Instance of 'FlutterWebSdk' is not required, skipping update.
[        ] Artifact Instance of 'FlutterEngineStamp' is not required, skipping update.
[        ] Artifact Instance of 'LegacyCanvasKitRemover' is not required, skipping update.
[   +3 ms] Artifact Instance of 'WindowsEngineArtifacts' is not required, skipping update.
[        ] Artifact Instance of 'MacOSEngineArtifacts' is not required, skipping update.
[        ] Artifact Instance of 'LinuxEngineArtifacts' is not required, skipping update.
[        ] Artifact Instance of 'LinuxFuchsiaSDKArtifacts' is not required, skipping update.
[        ] Artifact Instance of 'MacOSFuchsiaSDKArtifacts' is not required, skipping update.
[        ] Artifact Instance of 'FlutterRunnerSDKArtifacts' is not required, skipping update.
[        ] Artifact Instance of 'FlutterRunnerDebugSymbols' is not required, skipping update.
[  +90 ms] Artifact Instance of 'MaterialFonts' is not required, skipping update.
[        ] Artifact Instance of 'GradleWrapper' is not required, skipping update.
[   +2 ms] Artifact Instance of 'AndroidInternalBuildArtifacts' is not required, skipping update.
[        ] Artifact Instance of 'IOSEngineArtifacts' is not required, skipping update.
[        ] Artifact Instance of 'FlutterWebSdk' is not required, skipping update.
[        ] Artifact Instance of 'FlutterEngineStamp' is not required, skipping update.
[        ] Artifact Instance of 'LegacyCanvasKitRemover' is not required, skipping update.
[        ] Artifact Instance of 'FlutterSdk' is not required, skipping update.
[        ] Artifact Instance of 'WindowsEngineArtifacts' is not required, skipping update.
[        ] Artifact Instance of 'MacOSEngineArtifacts' is not required, skipping update.
[        ] Artifact Instance of 'LinuxEngineArtifacts' is not required, skipping update.
[        ] Artifact Instance of 'LinuxFuchsiaSDKArtifacts' is not required, skipping update.
[        ] Artifact Instance of 'MacOSFuchsiaSDKArtifacts' is not required, skipping update.
[        ] Artifact Instance of 'FlutterRunnerSDKArtifacts' is not required, skipping update.
[        ] Artifact Instance of 'FlutterRunnerDebugSymbols' is not required, skipping update.
[        ] Artifact Instance of 'IosUsbArtifacts' is not required, skipping update.
[        ] Artifact Instance of 'IosUsbArtifacts' is not required, skipping update.
[        ] Artifact Instance of 'IosUsbArtifacts' is not required, skipping update.
[        ] Artifact Instance of 'IosUsbArtifacts' is not required, skipping update.
[        ] Artifact Instance of 'IosUsbArtifacts' is not required, skipping update.
[        ] Artifact Instance of 'IosUsbArtifacts' is not required, skipping update.
[        ] Artifact Instance of 'FontSubsetArtifacts' is not required, skipping update.
[        ] Artifact Instance of 'PubDependencies' is not required, skipping update.
[  +67 ms] Skipping pub get: version match.
[ +213 ms] Found plugin firebase_core at C:\Users\ckotw\AppData\Local\Pub\Cache\hosted\pub.dev\firebase_core-4.5.0\
[   +8 ms] Found plugin firebase_core_web at C:\Users\ckotw\AppData\Local\Pub\Cache\hosted\pub.dev\firebase_core_web-3.5.0\
[   +8 ms] Found plugin cloud_firestore at C:\Users\ckotw\AppData\Local\Pub\Cache\hosted\pub.dev\cloud_firestore-6.1.3\
[   +2 ms] Found plugin cloud_firestore_web at C:\Users\ckotw\AppData\Local\Pub\Cache\hosted\pub.dev\cloud_firestore_web-5.1.3\
[  +30 ms] Found plugin image_picker at C:\Users\ckotw\AppData\Local\Pub\Cache\hosted\pub.dev\image_picker-1.2.1\
[   +2 ms] Found plugin image_picker_windows at C:\Users\ckotw\AppData\Local\Pub\Cache\hosted\pub.dev\image_picker_windows-0.2.2\
[   +8 ms] Found plugin file_selector_windows at C:\Users\ckotw\AppData\Local\Pub\Cache\hosted\pub.dev\file_selector_windows-0.9.3+5\
[   +5 ms] Found plugin image_picker_macos at C:\Users\ckotw\AppData\Local\Pub\Cache\hosted\pub.dev\image_picker_macos-0.2.2+1\
[   +3 ms] Found plugin file_selector_macos at C:\Users\ckotw\AppData\Local\Pub\Cache\hosted\pub.dev\file_selector_macos-0.9.5\
[   +3 ms] Found plugin image_picker_linux at C:\Users\ckotw\AppData\Local\Pub\Cache\hosted\pub.dev\image_picker_linux-0.2.2\
[   +3 ms] Found plugin file_selector_linux at C:\Users\ckotw\AppData\Local\Pub\Cache\hosted\pub.dev\file_selector_linux-0.9.4\
[   +2 ms] Found plugin image_picker_ios at C:\Users\ckotw\AppData\Local\Pub\Cache\hosted\pub.dev\image_picker_ios-0.8.13+3\
[   +2 ms] Found plugin image_picker_for_web at C:\Users\ckotw\AppData\Local\Pub\Cache\hosted\pub.dev\image_picker_for_web-3.1.1\
[   +2 ms] Found plugin image_picker_android at C:\Users\ckotw\AppData\Local\Pub\Cache\hosted\pub.dev\image_picker_android-0.8.13+14\
[   +2 ms] Found plugin flutter_plugin_android_lifecycle at C:\Users\ckotw\AppData\Local\Pub\Cache\hosted\pub.dev\flutter_plugin_android_lifecycle-2.0.33\
[   +2 ms] Found plugin google_maps_flutter at C:\Users\ckotw\AppData\Local\Pub\Cache\hosted\pub.dev\google_maps_flutter-2.14.2\
[   +2 ms] Found plugin google_maps_flutter_web at C:\Users\ckotw\AppData\Local\Pub\Cache\hosted\pub.dev\google_maps_flutter_web-0.5.14+3\
[  +10 ms] Found plugin google_maps_flutter_ios at C:\Users\ckotw\AppData\Local\Pub\Cache\hosted\pub.dev\google_maps_flutter_ios-2.17.4\
[   +2 ms] Found plugin google_maps_flutter_android at C:\Users\ckotw\AppData\Local\Pub\Cache\hosted\pub.dev\google_maps_flutter_android-2.19.2\
[   +5 ms] Found plugin path_provider at C:\Users\ckotw\AppData\Local\Pub\Cache\hosted\pub.dev\path_provider-2.1.5\
[   +2 ms] Found plugin path_provider_windows at C:\Users\ckotw\AppData\Local\Pub\Cache\hosted\pub.dev\path_provider_windows-2.3.0\
[   +5 ms] Found plugin path_provider_linux at C:\Users\ckotw\AppData\Local\Pub\Cache\hosted\pub.dev\path_provider_linux-2.2.1\
[   +3 ms] Found plugin path_provider_foundation at C:\Users\ckotw\AppData\Local\Pub\Cache\hosted\pub.dev\path_provider_foundation-2.5.1\
[   +2 ms] Found plugin path_provider_android at C:\Users\ckotw\AppData\Local\Pub\Cache\hosted\pub.dev\path_provider_android-2.2.22\
[   +3 ms] Found plugin geolocator at C:\Users\ckotw\AppData\Local\Pub\Cache\hosted\pub.dev\geolocator-14.0.2\
[   +2 ms] Found plugin geolocator_windows at C:\Users\ckotw\AppData\Local\Pub\Cache\hosted\pub.dev\geolocator_windows-0.2.5\
[   +3 ms] Found plugin geolocator_web at C:\Users\ckotw\AppData\Local\Pub\Cache\hosted\pub.dev\geolocator_web-4.1.3\
[   +1 ms] Found plugin geolocator_linux at C:\Users\ckotw\AppData\Local\Pub\Cache\hosted\pub.dev\geolocator_linux-0.2.4\
[   +2 ms] Found plugin package_info_plus at C:\Users\ckotw\AppData\Local\Pub\Cache\hosted\pub.dev\package_info_plus-9.0.0\
[   +7 ms] Found plugin geolocator_apple at C:\Users\ckotw\AppData\Local\Pub\Cache\hosted\pub.dev\geolocator_apple-2.3.13\
[   +1 ms] Found plugin geolocator_android at C:\Users\ckotw\AppData\Local\Pub\Cache\hosted\pub.dev\geolocator_android-5.0.2\
[   +3 ms] Found plugin geocoding at C:\Users\ckotw\AppData\Local\Pub\Cache\hosted\pub.dev\geocoding-4.0.0\
[   +2 ms] Found plugin geocoding_ios at C:\Users\ckotw\AppData\Local\Pub\Cache\hosted\pub.dev\geocoding_ios-3.1.0\
[   +1 ms] Found plugin geocoding_android at C:\Users\ckotw\AppData\Local\Pub\Cache\hosted\pub.dev\geocoding_android-4.0.1\
[   +1 ms] Found plugin firebase_storage at C:\Users\ckotw\AppData\Local\Pub\Cache\hosted\pub.dev\firebase_storage-13.1.0\
[   +1 ms] Found plugin firebase_storage_web at C:\Users\ckotw\AppData\Local\Pub\Cache\hosted\pub.dev\firebase_storage_web-3.11.3\
[   +3 ms] Found plugin firebase_auth at C:\Users\ckotw\AppData\Local\Pub\Cache\hosted\pub.dev\firebase_auth-6.2.0\
[   +1 ms] Found plugin firebase_auth_web at C:\Users\ckotw\AppData\Local\Pub\Cache\hosted\pub.dev\firebase_auth_web-6.1.3\
[   +3 ms] Found plugin firebase_app_check at C:\Users\ckotw\AppData\Local\Pub\Cache\hosted\pub.dev\firebase_app_check-0.4.1+5\
[   +1 ms] Found plugin firebase_app_check_web at C:\Users\ckotw\AppData\Local\Pub\Cache\hosted\pub.dev\firebase_app_check_web-0.2.2+3\
[   +3 ms] Found plugin camera at C:\Users\ckotw\AppData\Local\Pub\Cache\hosted\pub.dev\camera-0.12.0\
[   +1 ms] Found plugin camera_web at C:\Users\ckotw\AppData\Local\Pub\Cache\hosted\pub.dev\camera_web-0.3.5+3\
[   +3 ms] Found plugin camera_avfoundation at C:\Users\ckotw\AppData\Local\Pub\Cache\hosted\pub.dev\camera_avfoundation-0.10.1\
[   +1 ms] Found plugin camera_android_camerax at C:\Users\ckotw\AppData\Local\Pub\Cache\hosted\pub.dev\camera_android_camerax-0.7.1\
[   +5 ms] Found plugin sqflite at C:\Users\ckotw\AppData\Local\Pub\Cache\hosted\pub.dev\sqflite-2.4.2\
[   +6 ms] Found plugin sqflite_darwin at C:\Users\ckotw\AppData\Local\Pub\Cache\hosted\pub.dev\sqflite_darwin-2.4.2\
[   +1 ms] Found plugin sqflite_android at C:\Users\ckotw\AppData\Local\Pub\Cache\hosted\pub.dev\sqflite_android-2.4.2+2\
[  +85 ms] Found plugin firebase_core at C:\Users\ckotw\AppData\Local\Pub\Cache\hosted\pub.dev\firebase_core-4.5.0\
[   +1 ms] Found plugin firebase_core_web at C:\Users\ckotw\AppData\Local\Pub\Cache\hosted\pub.dev\firebase_core_web-3.5.0\
[   +3 ms] Found plugin cloud_firestore at C:\Users\ckotw\AppData\Local\Pub\Cache\hosted\pub.dev\cloud_firestore-6.1.3\
[   +1 ms] Found plugin cloud_firestore_web at C:\Users\ckotw\AppData\Local\Pub\Cache\hosted\pub.dev\cloud_firestore_web-5.1.3\
[  +16 ms] Found plugin image_picker at C:\Users\ckotw\AppData\Local\Pub\Cache\hosted\pub.dev\image_picker-1.2.1\
[   +1 ms] Found plugin image_picker_windows at C:\Users\ckotw\AppData\Local\Pub\Cache\hosted\pub.dev\image_picker_windows-0.2.2\
[   +3 ms] Found plugin file_selector_windows at C:\Users\ckotw\AppData\Local\Pub\Cache\hosted\pub.dev\file_selector_windows-0.9.3+5\
[   +2 ms] Found plugin image_picker_macos at C:\Users\ckotw\AppData\Local\Pub\Cache\hosted\pub.dev\image_picker_macos-0.2.2+1\
[   +1 ms] Found plugin file_selector_macos at C:\Users\ckotw\AppData\Local\Pub\Cache\hosted\pub.dev\file_selector_macos-0.9.5\
[   +1 ms] Found plugin image_picker_linux at C:\Users\ckotw\AppData\Local\Pub\Cache\hosted\pub.dev\image_picker_linux-0.2.2\
[   +1 ms] Found plugin file_selector_linux at C:\Users\ckotw\AppData\Local\Pub\Cache\hosted\pub.dev\file_selector_linux-0.9.4\
[   +1 ms] Found plugin image_picker_ios at C:\Users\ckotw\AppData\Local\Pub\Cache\hosted\pub.dev\image_picker_ios-0.8.13+3\
[   +1 ms] Found plugin image_picker_for_web at C:\Users\ckotw\AppData\Local\Pub\Cache\hosted\pub.dev\image_picker_for_web-3.1.1\
[   +1 ms] Found plugin image_picker_android at C:\Users\ckotw\AppData\Local\Pub\Cache\hosted\pub.dev\image_picker_android-0.8.13+14\
[   +1 ms] Found plugin flutter_plugin_android_lifecycle at C:\Users\ckotw\AppData\Local\Pub\Cache\hosted\pub.dev\flutter_plugin_android_lifecycle-2.0.33\
[   +1 ms] Found plugin google_maps_flutter at C:\Users\ckotw\AppData\Local\Pub\Cache\hosted\pub.dev\google_maps_flutter-2.14.2\
[   +1 ms] Found plugin google_maps_flutter_web at C:\Users\ckotw\AppData\Local\Pub\Cache\hosted\pub.dev\google_maps_flutter_web-0.5.14+3\
[   +4 ms] Found plugin google_maps_flutter_ios at C:\Users\ckotw\AppData\Local\Pub\Cache\hosted\pub.dev\google_maps_flutter_ios-2.17.4\
[   +1 ms] Found plugin google_maps_flutter_android at C:\Users\ckotw\AppData\Local\Pub\Cache\hosted\pub.dev\google_maps_flutter_android-2.19.2\
[   +2 ms] Found plugin path_provider at C:\Users\ckotw\AppData\Local\Pub\Cache\hosted\pub.dev\path_provider-2.1.5\
[   +1 ms] Found plugin path_provider_windows at C:\Users\ckotw\AppData\Local\Pub\Cache\hosted\pub.dev\path_provider_windows-2.3.0\
[   +3 ms] Found plugin path_provider_linux at C:\Users\ckotw\AppData\Local\Pub\Cache\hosted\pub.dev\path_provider_linux-2.2.1\
[   +2 ms] Found plugin path_provider_foundation at C:\Users\ckotw\AppData\Local\Pub\Cache\hosted\pub.dev\path_provider_foundation-2.5.1\
[   +1 ms] Found plugin path_provider_android at C:\Users\ckotw\AppData\Local\Pub\Cache\hosted\pub.dev\path_provider_android-2.2.22\
[   +2 ms] Found plugin geolocator at C:\Users\ckotw\AppData\Local\Pub\Cache\hosted\pub.dev\geolocator-14.0.2\
[   +1 ms] Found plugin geolocator_windows at C:\Users\ckotw\AppData\Local\Pub\Cache\hosted\pub.dev\geolocator_windows-0.2.5\
[   +2 ms] Found plugin geolocator_web at C:\Users\ckotw\AppData\Local\Pub\Cache\hosted\pub.dev\geolocator_web-4.1.3\
[   +1 ms] Found plugin geolocator_linux at C:\Users\ckotw\AppData\Local\Pub\Cache\hosted\pub.dev\geolocator_linux-0.2.4\
[   +1 ms] Found plugin package_info_plus at C:\Users\ckotw\AppData\Local\Pub\Cache\hosted\pub.dev\package_info_plus-9.0.0\
[   +4 ms] Found plugin geolocator_apple at C:\Users\ckotw\AppData\Local\Pub\Cache\hosted\pub.dev\geolocator_apple-2.3.13\
[   +1 ms] Found plugin geolocator_android at C:\Users\ckotw\AppData\Local\Pub\Cache\hosted\pub.dev\geolocator_android-5.0.2\
[   +2 ms] Found plugin geocoding at C:\Users\ckotw\AppData\Local\Pub\Cache\hosted\pub.dev\geocoding-4.0.0\
[   +1 ms] Found plugin geocoding_ios at C:\Users\ckotw\AppData\Local\Pub\Cache\hosted\pub.dev\geocoding_ios-3.1.0\
[   +1 ms] Found plugin geocoding_android at C:\Users\ckotw\AppData\Local\Pub\Cache\hosted\pub.dev\geocoding_android-4.0.1\
[   +1 ms] Found plugin firebase_storage at C:\Users\ckotw\AppData\Local\Pub\Cache\hosted\pub.dev\firebase_storage-13.1.0\
[   +1 ms] Found plugin firebase_storage_web at C:\Users\ckotw\AppData\Local\Pub\Cache\hosted\pub.dev\firebase_storage_web-3.11.3\
[   +1 ms] Found plugin firebase_auth at C:\Users\ckotw\AppData\Local\Pub\Cache\hosted\pub.dev\firebase_auth-6.2.0\
[   +1 ms] Found plugin firebase_auth_web at C:\Users\ckotw\AppData\Local\Pub\Cache\hosted\pub.dev\firebase_auth_web-6.1.3\
[   +1 ms] Found plugin firebase_app_check at C:\Users\ckotw\AppData\Local\Pub\Cache\hosted\pub.dev\firebase_app_check-0.4.1+5\
[        ] Found plugin firebase_app_check_web at C:\Users\ckotw\AppData\Local\Pub\Cache\hosted\pub.dev\firebase_app_check_web-0.2.2+3\
[   +2 ms] Found plugin camera at C:\Users\ckotw\AppData\Local\Pub\Cache\hosted\pub.dev\camera-0.12.0\
[   +1 ms] Found plugin camera_web at C:\Users\ckotw\AppData\Local\Pub\Cache\hosted\pub.dev\camera_web-0.3.5+3\
[   +2 ms] Found plugin camera_avfoundation at C:\Users\ckotw\AppData\Local\Pub\Cache\hosted\pub.dev\camera_avfoundation-0.10.1\
[   +1 ms] Found plugin camera_android_camerax at C:\Users\ckotw\AppData\Local\Pub\Cache\hosted\pub.dev\camera_android_camerax-0.7.1\
[   +3 ms] Found plugin sqflite at C:\Users\ckotw\AppData\Local\Pub\Cache\hosted\pub.dev\sqflite-2.4.2\
[   +4 ms] Found plugin sqflite_darwin at C:\Users\ckotw\AppData\Local\Pub\Cache\hosted\pub.dev\sqflite_darwin-2.4.2\
[   +1 ms] Found plugin sqflite_android at C:\Users\ckotw\AppData\Local\Pub\Cache\hosted\pub.dev\sqflite_android-2.4.2+2\
[  +13 ms] Skipping generating web_plugin_registrant.dart because it is up-to-date.
[  +64 ms] Found plugin firebase_core at C:\Users\ckotw\AppData\Local\Pub\Cache\hosted\pub.dev\firebase_core-4.5.0\
[        ] Found plugin firebase_core_web at C:\Users\ckotw\AppData\Local\Pub\Cache\hosted\pub.dev\firebase_core_web-3.5.0\
[   +4 ms] Found plugin cloud_firestore at C:\Users\ckotw\AppData\Local\Pub\Cache\hosted\pub.dev\cloud_firestore-6.1.3\
[   +1 ms] Found plugin cloud_firestore_web at C:\Users\ckotw\AppData\Local\Pub\Cache\hosted\pub.dev\cloud_firestore_web-5.1.3\
[  +15 ms] Found plugin image_picker at C:\Users\ckotw\AppData\Local\Pub\Cache\hosted\pub.dev\image_picker-1.2.1\
[   +1 ms] Found plugin image_picker_windows at C:\Users\ckotw\AppData\Local\Pub\Cache\hosted\pub.dev\image_picker_windows-0.2.2\
[   +2 ms] Found plugin file_selector_windows at C:\Users\ckotw\AppData\Local\Pub\Cache\hosted\pub.dev\file_selector_windows-0.9.3+5\
[   +1 ms] Found plugin image_picker_macos at C:\Users\ckotw\AppData\Local\Pub\Cache\hosted\pub.dev\image_picker_macos-0.2.2+1\
[   +1 ms] Found plugin file_selector_macos at C:\Users\ckotw\AppData\Local\Pub\Cache\hosted\pub.dev\file_selector_macos-0.9.5\
[   +1 ms] Found plugin image_picker_linux at C:\Users\ckotw\AppData\Local\Pub\Cache\hosted\pub.dev\image_picker_linux-0.2.2\
[   +1 ms] Found plugin file_selector_linux at C:\Users\ckotw\AppData\Local\Pub\Cache\hosted\pub.dev\file_selector_linux-0.9.4\
[        ] Found plugin image_picker_ios at C:\Users\ckotw\AppData\Local\Pub\Cache\hosted\pub.dev\image_picker_ios-0.8.13+3\
[        ] Found plugin image_picker_for_web at C:\Users\ckotw\AppData\Local\Pub\Cache\hosted\pub.dev\image_picker_for_web-3.1.1\
[        ] Found plugin image_picker_android at C:\Users\ckotw\AppData\Local\Pub\Cache\hosted\pub.dev\image_picker_android-0.8.13+14\
[        ] Found plugin flutter_plugin_android_lifecycle at C:\Users\ckotw\AppData\Local\Pub\Cache\hosted\pub.dev\flutter_plugin_android_lifecycle-2.0.33\
[   +1 ms] Found plugin google_maps_flutter at C:\Users\ckotw\AppData\Local\Pub\Cache\hosted\pub.dev\google_maps_flutter-2.14.2\
[   +1 ms] Found plugin google_maps_flutter_web at C:\Users\ckotw\AppData\Local\Pub\Cache\hosted\pub.dev\google_maps_flutter_web-0.5.14+3\
[   +5 ms] Found plugin google_maps_flutter_ios at C:\Users\ckotw\AppData\Local\Pub\Cache\hosted\pub.dev\google_maps_flutter_ios-2.17.4\
[   +1 ms] Found plugin google_maps_flutter_android at C:\Users\ckotw\AppData\Local\Pub\Cache\hosted\pub.dev\google_maps_flutter_android-2.19.2\
[   +2 ms] Found plugin path_provider at C:\Users\ckotw\AppData\Local\Pub\Cache\hosted\pub.dev\path_provider-2.1.5\
[   +1 ms] Found plugin path_provider_windows at C:\Users\ckotw\AppData\Local\Pub\Cache\hosted\pub.dev\path_provider_windows-2.3.0\
[   +2 ms] Found plugin path_provider_linux at C:\Users\ckotw\AppData\Local\Pub\Cache\hosted\pub.dev\path_provider_linux-2.2.1\
[   +1 ms] Found plugin path_provider_foundation at C:\Users\ckotw\AppData\Local\Pub\Cache\hosted\pub.dev\path_provider_foundation-2.5.1\
[   +1 ms] Found plugin path_provider_android at C:\Users\ckotw\AppData\Local\Pub\Cache\hosted\pub.dev\path_provider_android-2.2.22\
[   +2 ms] Found plugin geolocator at C:\Users\ckotw\AppData\Local\Pub\Cache\hosted\pub.dev\geolocator-14.0.2\
[   +2 ms] Found plugin geolocator_windows at C:\Users\ckotw\AppData\Local\Pub\Cache\hosted\pub.dev\geolocator_windows-0.2.5\
[   +2 ms] Found plugin geolocator_web at C:\Users\ckotw\AppData\Local\Pub\Cache\hosted\pub.dev\geolocator_web-4.1.3\
[   +1 ms] Found plugin geolocator_linux at C:\Users\ckotw\AppData\Local\Pub\Cache\hosted\pub.dev\geolocator_linux-0.2.4\
[   +1 ms] Found plugin package_info_plus at C:\Users\ckotw\AppData\Local\Pub\Cache\hosted\pub.dev\package_info_plus-9.0.0\
[   +5 ms] Found plugin geolocator_apple at C:\Users\ckotw\AppData\Local\Pub\Cache\hosted\pub.dev\geolocator_apple-2.3.13\
[   +1 ms] Found plugin geolocator_android at C:\Users\ckotw\AppData\Local\Pub\Cache\hosted\pub.dev\geolocator_android-5.0.2\
[   +2 ms] Found plugin geocoding at C:\Users\ckotw\AppData\Local\Pub\Cache\hosted\pub.dev\geocoding-4.0.0\
[   +1 ms] Found plugin geocoding_ios at C:\Users\ckotw\AppData\Local\Pub\Cache\hosted\pub.dev\geocoding_ios-3.1.0\
[        ] Found plugin geocoding_android at C:\Users\ckotw\AppData\Local\Pub\Cache\hosted\pub.dev\geocoding_android-4.0.1\
[        ] Found plugin firebase_storage at C:\Users\ckotw\AppData\Local\Pub\Cache\hosted\pub.dev\firebase_storage-13.1.0\
[   +1 ms] Found plugin firebase_storage_web at C:\Users\ckotw\AppData\Local\Pub\Cache\hosted\pub.dev\firebase_storage_web-3.11.3\
[   +2 ms] Found plugin firebase_auth at C:\Users\ckotw\AppData\Local\Pub\Cache\hosted\pub.dev\firebase_auth-6.2.0\
[   +1 ms] Found plugin firebase_auth_web at C:\Users\ckotw\AppData\Local\Pub\Cache\hosted\pub.dev\firebase_auth_web-6.1.3\
[   +2 ms] Found plugin firebase_app_check at C:\Users\ckotw\AppData\Local\Pub\Cache\hosted\pub.dev\firebase_app_check-0.4.1+5\
[   +1 ms] Found plugin firebase_app_check_web at C:\Users\ckotw\AppData\Local\Pub\Cache\hosted\pub.dev\firebase_app_check_web-0.2.2+3\
[   +2 ms] Found plugin camera at C:\Users\ckotw\AppData\Local\Pub\Cache\hosted\pub.dev\camera-0.12.0\
[   +1 ms] Found plugin camera_web at C:\Users\ckotw\AppData\Local\Pub\Cache\hosted\pub.dev\camera_web-0.3.5+3\
[   +2 ms] Found plugin camera_avfoundation at C:\Users\ckotw\AppData\Local\Pub\Cache\hosted\pub.dev\camera_avfoundation-0.10.1\
[   +1 ms] Found plugin camera_android_camerax at C:\Users\ckotw\AppData\Local\Pub\Cache\hosted\pub.dev\camera_android_camerax-0.7.1\
[   +4 ms] Found plugin sqflite at C:\Users\ckotw\AppData\Local\Pub\Cache\hosted\pub.dev\sqflite-2.4.2\
[   +4 ms] Found plugin sqflite_darwin at C:\Users\ckotw\AppData\Local\Pub\Cache\hosted\pub.dev\sqflite_darwin-2.4.2\
[   +1 ms] Found plugin sqflite_android at C:\Users\ckotw\AppData\Local\Pub\Cache\hosted\pub.dev\sqflite_android-2.4.2+2\
[  +33 ms] Generating C:\projects\incident-reporter\android\app\src\main\java\io\flutter\plugins\GeneratedPluginRegistrant.java
[   +2 ms] Skipping generating GeneratedPluginRegistrant.java because it is up-to-date.
[  +20 ms] executing: C:\devtools\AndroidStudio\jbr\bin\java -version
[ +136 ms] Exit code 0 from: C:\devtools\AndroidStudio\jbr\bin\java -version
[        ] openjdk version "21.0.9" 2025-10-21
           OpenJDK Runtime Environment (build 21.0.9+-14787801-b1163.94)
           OpenJDK 64-Bit Server VM (build 21.0.9+-14787801-b1163.94, mixed mode)
[  +10 ms] Top-level Gradle build file not found, skipping migration of task "clean".
[   +3 ms] executing: C:\devtools\AndroidStudio\jbr\bin\java --version
[ +126 ms] Exit code 0 from: C:\devtools\AndroidStudio\jbr\bin\java --version
[        ] openjdk 21.0.9 2025-10-21
           OpenJDK Runtime Environment (build 21.0.9+-14787801-b1163.94)
           OpenJDK 64-Bit Server VM (build 21.0.9+-14787801-b1163.94, mixed mode)
[   +1 ms] Version of Java is different than impacted version, no migration attempted.
[  +14 ms] CMake project not found, skipping support Android 15 16k page size migration.
[   +4 ms] Using gradle from C:\projects\incident-reporter\android\gradlew.bat.
[  +10 ms] LocalFile: 'C:\projects\incident-reporter\android\build.gradle.kts' provides AGP version from plugin id: 8.9.1
[        ] Running Gradle task 'assembleDebug'...
[        ] executing: [C:\projects\incident-reporter\android/] C:\projects\incident-reporter\android\gradlew.bat --full-stacktrace --info -Pverbose=true -Ptarget-platform=android-arm,android-arm64,android-x64 -Ptarget=lib\main.dart -Pbase-application-name=android.app.Application -Pdart-defines=RkxVVFRFUl9WRVJTSU9OPTMuNDEuNA==,RkxVVFRFUl9DSEFOTkVMPXN0YWJsZQ==,RkxVVFRFUl9HSVRfVVJMPWh0dHBzOi8vZ2l0aHViLmNvbS9mbHV0dGVyL2ZsdXR0ZXIuZ2l0,RkxVVFRFUl9GUkFNRVdPUktfUkVWSVNJT049ZmYzN2JlZjYwMw==,RkxVVFRFUl9FTkdJTkVfUkVWSVNJT049ZTRiOGRjYTNmMQ==,RkxVVFRFUl9EQVJUX1ZFUlNJT049My4xMS4x -Pdart-obfuscation=false -Ptrack-widget-creation=true -Ptree-shake-icons=false assembleDebug
[ +959 ms] Initialized native services in: C:\Users\ckotw\.gradle\native
[        ] Initialized jansi services in: C:\Users\ckotw\.gradle\native
[ +117 ms] Welcome to Gradle 8.12!
[        ] Here are the highlights of this release:
[        ]  - Enhanced error and warning reporting with the Problems API
[        ]  - File-system watching support on Alpine Linux
[        ]  - Build and test Swift 6 libraries and apps
[        ] For more details see https://docs.gradle.org/8.12/release-notes.html
[ +293 ms] Found daemon DaemonInfo{pid=13504, address=[bf54180e-02b6-4dd9-9c1b-2507ddfc7dab port:62126, addresses:[/127.0.0.1]], state=Idle, lastBusy=1773298430071, context=DefaultDaemonContext[uid=df6e7c77-015c-4ece-b748-c008083dd4f1,javaHome=C:\devtools\Java\jdk-21.0.1,javaVersion=21,javaVendor=Oracle Corporation,daemonRegistryDir=C:\Users\ckotw\.gradle\daemon,pid=13504,idleTimeout=10800000,priority=NORMAL,applyInstrumentationAgent=true,nativeServicesMode=ENABLED,daemonOpts=-XX:MaxMetaspaceSize=4G,-XX:ReservedCodeCacheSize=512m,-XX:+HeapDumpOnOutOfMemoryError,-Xmx8G,-Dfile.encoding=UTF-8,-Duser.country=US,-Duser.language=en,-Duser.variant]} however its context does not match the desired criteria.
[        ] JVM is incompatible.
[   +1 ms] Wanted: DaemonRequestContext{jvmCriteria=C:\devtools\AndroidStudio\jbr (no JDK specified, using current Java home), daemonOpts=[-XX:MaxMetaspaceSize=4G, -XX:ReservedCodeCacheSize=512m, -XX:+HeapDumpOnOutOfMemoryError, -Xmx8G, -Dfile.encoding=UTF-8, -Duser.country=US, -Duser.language=en, -Duser.variant], applyInstrumentationAgent=true, nativeServicesMode=ENABLED, priority=NORMAL}
[        ] Actual: DefaultDaemonContext[uid=df6e7c77-015c-4ece-b748-c008083dd4f1,javaHome=C:\devtools\Java\jdk-21.0.1,javaVersion=21,javaVendor=Oracle Corporation,daemonRegistryDir=C:\Users\ckotw\.gradle\daemon,pid=13504,idleTimeout=10800000,priority=NORMAL,applyInstrumentationAgent=true,nativeServicesMode=ENABLED,daemonOpts=-XX:MaxMetaspaceSize=4G,-XX:ReservedCodeCacheSize=512m,-XX:+HeapDumpOnOutOfMemoryError,-Xmx8G,-Dfile.encoding=UTF-8,-Duser.country=US,-Duser.language=en,-Duser.variant]
[        ]   Looking for a different daemon...
[        ] Found daemon DaemonInfo{pid=25288, address=[3e917e5a-8b3a-4dba-9c07-2d34fda22355 port:50914, addresses:[/127.0.0.1]], state=Idle, lastBusy=1773295080930, context=DefaultDaemonContext[uid=cb494536-ba7a-424f-98a9-6985973e86ce,javaHome=C:\Users\ckotw\.antigravity\extensions\redhat.java-1.53.0-win32-x64\jre\21.0.10-win32-x86_64,javaVersion=21,javaVendor=Eclipse Adoptium,daemonRegistryDir=C:\Users\ckotw\.gradle\daemon,pid=25288,idleTimeout=10800000,priority=NORMAL,applyInstrumentationAgent=true,nativeServicesMode=ENABLED,daemonOpts=-XX:MaxMetaspaceSize=4G,-XX:ReservedCodeCacheSize=512m,-XX:+HeapDumpOnOutOfMemoryError,-Xmx8G,-Dfile.encoding=UTF-8,-Duser.country=US,-Duser.language=en,-Duser.variant]} however its context does not match the desired criteria.
[        ] JVM is incompatible.
[        ] Wanted: DaemonRequestContext{jvmCriteria=C:\devtools\AndroidStudio\jbr (no JDK specified, using current Java home), daemonOpts=[-XX:MaxMetaspaceSize=4G, -XX:ReservedCodeCacheSize=512m, -XX:+HeapDumpOnOutOfMemoryError, -Xmx8G, -Dfile.encoding=UTF-8, -Duser.country=US, -Duser.language=en, -Duser.variant], applyInstrumentationAgent=true, nativeServicesMode=ENABLED, priority=NORMAL}
[        ] Actual: DefaultDaemonContext[uid=cb494536-ba7a-424f-98a9-6985973e86ce,javaHome=C:\Users\ckotw\.antigravity\extensions\redhat.java-1.53.0-win32-x64\jre\21.0.10-win32-x86_64,javaVersion=21,javaVendor=Eclipse Adoptium,daemonRegistryDir=C:\Users\ckotw\.gradle\daemon,pid=25288,idleTimeout=10800000,priority=NORMAL,applyInstrumentationAgent=true,nativeServicesMode=ENABLED,daemonOpts=-XX:MaxMetaspaceSize=4G,-XX:ReservedCodeCacheSize=512m,-XX:+HeapDumpOnOutOfMemoryError,-Xmx8G,-Dfile.encoding=UTF-8,-Duser.country=US,-Duser.language=en,-Duser.variant]
[        ]   Looking for a different daemon...
[        ] The client will now receive all logging from the daemon (pid: 2320). The daemon log file: C:\Users\ckotw\.gradle\daemon\8.12\daemon-2320.out.log
[        ] Starting 3rd build in daemon [uptime: 45 mins 58.844 secs, performance: 98%, GC rate: 0.00/s, heap usage: 0% of 8 GiB, non-heap usage: 7% of 4 GiB]
[        ] Using 8 worker leases.
[  +88 ms] Now considering [C:\projects\incident-reporter\android, C:\devtools\flutter\flutter\packages\flutter_tools\gradle] as hierarchies to watch
[        ] Watching the file system is configured to be enabled if available
[        ] File system watching is active
[        ] Starting Build
[        ] Invalidating in-memory cache of C:\projects\incident-reporter\android\.gradle\8.12\checksums\md5-checksums.bin
[        ] Invalidating in-memory cache of C:\projects\incident-reporter\android\.gradle\8.12\checksums\sha1-checksums.bin
[        ] Invalidating in-memory cache of C:\projects\incident-reporter\android\.gradle\8.12\checksums\sha256-checksums.bin
[        ] Invalidating in-memory cache of C:\projects\incident-reporter\android\.gradle\8.12\checksums\sha512-checksums.bin
[        ] Now considering [C:\devtools\flutter\flutter\packages\flutter_tools\gradle, C:\projects\incident-reporter\android] as hierarchies to watch
[        ] Using local directory build cache for build ':gradle' (location = C:\Users\ckotw\.gradle\caches\build-cache-1, remove unused entries = after 7 days).
[ +199 ms] > Configure project :gradle
[        ] Evaluating project ':gradle' using build file 'C:\devtools\flutter\flutter\packages\flutter_tools\gradle\build.gradle.kts'.
[        ] Resolved plugin [id: 'org.gradle.java-gradle-plugin']
[        ] Resolved plugin [id: 'org.gradle.groovy']
[        ] Resolved plugin [id: 'org.gradle.kotlin.kotlin-dsl', version: '5.1.2']
[        ] Resolved plugin [id: 'org.jetbrains.kotlin.jvm', version: '1.9.20']
[        ] Using Kotlin Gradle Plugin gradle85 variant
[        ] kotlin scripting plugin: created the scripting discovery configuration: kotlinScriptDef
[        ] kotlin scripting plugin: created the scripting discovery configuration: testKotlinScriptDef
[        ] file or directory 'C:\devtools\flutter\flutter\packages\flutter_tools\gradle\src\main\java', not found
[        ] Resolved plugin [id: 'dev.flutter.flutter-plugin-loader', version: '1.0.0']
[        ] Resolved plugin [id: 'com.android.application', version: '8.9.1', apply: false]
[        ] Resolved plugin [id: 'com.google.gms.google-services', version: '4.3.15', apply: false]
[        ] Resolved plugin [id: 'org.jetbrains.kotlin.android', version: '2.3.10', apply: false]
[        ] Resolve mutations for :gradle:checkKotlinGradlePluginConfigurationErrors (Thread[#397,Execution worker,5,main]) started.
[        ] :gradle:checkKotlinGradlePluginConfigurationErrors (Thread[#397,Execution worker,5,main]) started.
[        ] > Task :gradle:checkKotlinGradlePluginConfigurationErrors SKIPPED
[        ] Skipping task ':gradle:checkKotlinGradlePluginConfigurationErrors' as task onlyIf 'errorDiagnostics are present' is false.
[        ] Resolve mutations for :gradle:compileKotlin (Thread[#397,Execution worker,5,main]) started.
[        ] :gradle:compileKotlin (Thread[#397,Execution worker,5,main]) started.
[ +101 ms] > Task :gradle:compileKotlin UP-TO-DATE
[        ] Build cache key for task ':gradle:compileKotlin' is ce4f74dabfd4b07e3fd565f361ac2ce2
[        ] Skipping task ':gradle:compileKotlin' as it is up-to-date.
[        ] Resolve mutations for :gradle:compileJava (Thread[#397,Execution worker,5,main]) started.
[        ] :gradle:compileJava (Thread[#397,Execution worker,5,main]) started.
[        ] > Task :gradle:compileJava NO-SOURCE
[        ] Skipping task ':gradle:compileJava' as it has no source files and no previous output files.
[        ] Resolve mutations for :gradle:compileGroovy (Thread[#397,Execution worker,5,main]) started.
[        ] :gradle:compileGroovy (Thread[#397,Execution worker,5,main]) started.
[   +1 ms] > Task :gradle:compileGroovy NO-SOURCE
[        ] Skipping task ':gradle:compileGroovy' as it has no source files and no previous output files.
[        ] Resolve mutations for :gradle:pluginDescriptors (Thread[#397,Execution worker,5,main]) started.
[        ] :gradle:pluginDescriptors (Thread[#399,Execution worker Thread 3,5,main]) started.
[        ] > Task :gradle:pluginDescriptors UP-TO-DATE
[        ] Caching disabled for task ':gradle:pluginDescriptors' because:
[        ]   Not worth caching
[        ] Skipping task ':gradle:pluginDescriptors' as it is up-to-date.
[        ] Resolve mutations for :gradle:processResources (Thread[#399,Execution worker Thread 3,5,main]) started.
[        ] :gradle:processResources (Thread[#399,Execution worker Thread 3,5,main]) started.
[        ] > Task :gradle:processResources UP-TO-DATE
[        ] Caching disabled for task ':gradle:processResources' because:
[        ]   Not worth caching
[        ] Skipping task ':gradle:processResources' as it is up-to-date.
[        ] Resolve mutations for :gradle:classes (Thread[#399,Execution worker Thread 3,5,main]) started.
[        ] :gradle:classes (Thread[#399,Execution worker Thread 3,5,main]) started.
[        ] > Task :gradle:classes UP-TO-DATE
[        ] Skipping task ':gradle:classes' as it has no actions.
[        ] Resolve mutations for :gradle:jar (Thread[#399,Execution worker Thread 3,5,main]) started.
[        ] :gradle:jar (Thread[#399,Execution worker Thread 3,5,main]) started.
[        ] > Task :gradle:jar UP-TO-DATE
[        ] Caching disabled for task ':gradle:jar' because:
[        ]   Not worth caching
[        ] Skipping task ':gradle:jar' as it is up-to-date.
[ +193 ms] Settings evaluated using settings file 'C:\projects\incident-reporter\android\settings.gradle.kts'.
[        ] Using local directory build cache for the root build (location = C:\Users\ckotw\.gradle\caches\build-cache-1, remove unused entries = after 7 days).
[  +92 ms] Projects loaded. Root project using build file 'C:\projects\incident-reporter\android\build.gradle.kts'.
[        ] Included projects: [root project 'android', project ':app', project ':camera_android_camerax', project ':cloud_firestore', project ':firebase_app_check', project ':firebase_auth', project ':firebase_core', project ':firebase_storage', project ':flutter_plugin_android_lifecycle', project ':geocoding_android', project ':geolocator_android', project ':google_maps_flutter_android', project ':image_picker_android', project ':package_info_plus', project ':path_provider_android', project ':sqflite_android']
[ +905 ms] > Configure project :app
[        ] Evaluating project ':app' using build file 'C:\projects\incident-reporter\android\app\build.gradle.kts'.
[        ] Resolved plugin [id: 'com.android.application']
[        ] Resolved plugin [id: 'kotlin-android']
[        ] Resolved plugin [id: 'com.google.gms.google-services']
[        ] Resolved plugin [id: 'dev.flutter.flutter-gradle-plugin']
[        ] Using default execution profile
[        ] Build 9657779d-4eac-4b61-9558-6c9410f2ef5f is started
[        ] Using Kotlin Gradle Plugin gradle811 variant
[        ] Build cache key for Kotlin DSL script compilation (Project/TopLevel/stage2) is 8c34b208243be531e35b4f5be394cd70
[        ] > Configure project :
[        ] Evaluating root project 'android' using build file 'C:\projects\incident-reporter\android\build.gradle.kts'.
[        ] Resolved plugin [id: 'com.android.application', version: '8.9.1', apply: false]
[        ] Resolved plugin [id: 'org.jetbrains.kotlin.android', version: '2.3.10', apply: false]
[        ] Resolved plugin [id: 'com.google.gms.google-services', version: '4.3.15', apply: false]
[   +3 ms] Build 9657779d-4eac-4b61-9558-6c9410f2ef5f is closed
[        ] 4 actionable tasks: 4 up-to-date
[        ] Watched directory hierarchies: [C:\devtools\flutter\flutter\packages\flutter_tools\gradle, C:\projects\incident-reporter\android]
[  +72 ms] Running Gradle task 'assembleDebug'... (completed in 3.4s)
[   +1 ms] "flutter apk" took 4,730ms.
[        ] Running 1 shutdown hook
[   +1 ms] Shutdown hooks complete
[        ] exiting with code 1
